// Jest Snapshot v1, https://goo.gl/fbAQLP

exports[`TrendsFilters ProfileTemplate snapshot" 1`] = `
Array [
  <div
    className="filterTitle"
  >
    Filters
  </div>,
  <fieldset
    className="container"
  >
    <legend>
      Compare by
    </legend>
    <div
      className="radio"
    >
      <input
        autoComplete="off"
        checked={false}
        id="quality"
        name="radio1"
        onChange={[Function]}
        tabIndex="0"
        type="radio"
        value="quality"
      />
      <label
        htmlFor="quality"
      >
        Quality
      </label>
    </div>
    <div
      className="radio"
    >
      <input
        autoComplete="off"
        checked={false}
        id="value"
        name="radio1"
        onChange={[Function]}
        tabIndex="0"
        type="radio"
        value="value"
      />
      <label
        htmlFor="value"
      >
        Value
      </label>
    </div>
  </fieldset>,
  <div
    className="filterContainer"
  >
    <fieldset>
      <button
        aria-expanded={true}
        className="header"
        onClick={[Function]}
      >
        <svg
          aria-hidden="true"
          className="titleIcon iconMedium iconTeal"
          focusable="false"
        >
          <use
            xlinkHref="#Produces"
          />
        </svg>
        <legend
          className="title"
        >
          Produces
        </legend>
        <svg
          aria-hidden="true"
          className="arrowIcon iconSmall iconOrange arrowDown"
          focusable="false"
        >
          <use
            xlinkHref="#chevron"
          />
        </svg>
      </button>
      <ul
        className="list"
      >
        <li
          className="listItem listItemMain"
        >
          <div
            className="checkbox"
          >
            <input
              autoComplete="off"
              checked={true}
              id="AllProduces"
              onChange={[Function]}
              type="checkbox"
            />
            <label
              aria-hidden="true"
              htmlFor="AllProduces"
            >
              <span>
                All
                 (0)
              </span>
            </label>
          </div>
        </li>
      </ul>
    </fieldset>
  </div>,
]
`;
