// Jest Snapshot v1, https://goo.gl/fbAQLP

exports[`TrendsChart TrendsChart snapshot" 1`] = `
<div
  aria-label="Produce trends chart"
  className="chart"
>
  <div
    className="recharts-responsive-container"
    style={
      Object {
        "height": "100%",
        "maxHeight": undefined,
        "minHeight": undefined,
        "minWidth": undefined,
        "width": "100%",
      }
    }
  >
    <div
      style={
        Object {
          "display": "none",
          "height": 0,
          "position": "absolute",
          "visibility": "hidden",
          "width": 0,
        }
      }
    />
  </div>
</div>
`;
